// Jest Snapshot v1, https://goo.gl/fbAQLP

exports[`Haciendo Pruebas en GifGridItem debe hacer match con el snapshot 1`] = `
<div>
  <div
    class="card"
  >
    <img
      alt="One Punch"
      src="https://onepunch.com/onepunch.png"
    />
    <p>
      One Punch
    </p>
  </div>
</div>
`;
